balanced    n= 16 k/n=0.10 q=0.02  -> Fisher 0.000  phylo 0.000  (n=250)
balanced    n= 16 k/n=0.10 q=0.1   -> Fisher 0.000  phylo 0.000  (n=250)
balanced    n= 16 k/n=0.10 q=0.5   -> Fisher 0.000  phylo 0.000  (n=233)
balanced    n= 16 k/n=0.25 q=0.02  -> Fisher 0.032  phylo 0.000  (n=250)
balanced    n= 16 k/n=0.25 q=0.1   -> Fisher 0.072  phylo 0.000  (n=250)
balanced    n= 16 k/n=0.25 q=0.5   -> Fisher 0.020  phylo 0.000  (n=250)
balanced    n= 16 k/n=0.50 q=0.02  -> Fisher 0.908  phylo 0.000  (n=250)
balanced    n= 16 k/n=0.50 q=0.1   -> Fisher 0.432  phylo 0.000  (n=250)
balanced    n= 16 k/n=0.50 q=0.5   -> Fisher 0.072  phylo 0.000  (n=250)
balanced    n= 32 k/n=0.10 q=0.02  -> Fisher 0.000  phylo 0.000  (n=250)
balanced    n= 32 k/n=0.10 q=0.1   -> Fisher 0.000  phylo 0.000  (n=250)
balanced    n= 32 k/n=0.10 q=0.5   -> Fisher nan  phylo nan  (n=0)
balanced    n= 32 k/n=0.25 q=0.02  -> Fisher 0.724  phylo 0.000  (n=250)
balanced    n= 32 k/n=0.25 q=0.1   -> Fisher 0.224  phylo 0.004  (n=250)
balanced    n= 32 k/n=0.25 q=0.5   -> Fisher 0.034  phylo 0.000  (n=236)
balanced    n= 32 k/n=0.50 q=0.02  -> Fisher 0.940  phylo 0.000  (n=250)
balanced    n= 32 k/n=0.50 q=0.1   -> Fisher 0.508  phylo 0.008  (n=250)
balanced    n= 32 k/n=0.50 q=0.5   -> Fisher 0.064  phylo 0.008  (n=250)
balanced    n= 64 k/n=0.10 q=0.02  -> Fisher 0.148  phylo 0.000  (n=250)
balanced    n= 64 k/n=0.10 q=0.1   -> Fisher 0.072  phylo 0.004  (n=250)
balanced    n= 64 k/n=0.10 q=0.5   -> Fisher nan  phylo nan  (n=0)
balanced    n= 64 k/n=0.25 q=0.02  -> Fisher 0.696  phylo 0.000  (n=250)
balanced    n= 64 k/n=0.25 q=0.1   -> Fisher 0.240  phylo 0.012  (n=250)
balanced    n= 64 k/n=0.25 q=0.5   -> Fisher 0.036  phylo 0.000  (n=28)
balanced    n= 64 k/n=0.50 q=0.02  -> Fisher 0.948  phylo 0.008  (n=250)
balanced    n= 64 k/n=0.50 q=0.1   -> Fisher 0.572  phylo 0.008  (n=250)
balanced    n= 64 k/n=0.50 q=0.5   -> Fisher 0.056  phylo 0.016  (n=250)
unbalanced  n= 16 k/n=0.10 q=0.02  -> Fisher 0.000  phylo 0.000  (n=250)
unbalanced  n= 16 k/n=0.10 q=0.1   -> Fisher 0.000  phylo 0.000  (n=250)
unbalanced  n= 16 k/n=0.10 q=0.5   -> Fisher 0.000  phylo 0.000  (n=206)
unbalanced  n= 16 k/n=0.25 q=0.02  -> Fisher 0.240  phylo 0.000  (n=250)
unbalanced  n= 16 k/n=0.25 q=0.1   -> Fisher 0.084  phylo 0.004  (n=250)
unbalanced  n= 16 k/n=0.25 q=0.5   -> Fisher 0.032  phylo 0.000  (n=250)
unbalanced  n= 16 k/n=0.50 q=0.02  -> Fisher 0.820  phylo 0.000  (n=250)
unbalanced  n= 16 k/n=0.50 q=0.1   -> Fisher 0.348  phylo 0.000  (n=250)
unbalanced  n= 16 k/n=0.50 q=0.5   -> Fisher 0.048  phylo 0.000  (n=250)
unbalanced  n= 32 k/n=0.10 q=0.02  -> Fisher 0.144  phylo 0.000  (n=250)
unbalanced  n= 32 k/n=0.10 q=0.1   -> Fisher 0.048  phylo 0.000  (n=250)
unbalanced  n= 32 k/n=0.10 q=0.5   -> Fisher nan  phylo nan  (n=0)
unbalanced  n= 32 k/n=0.25 q=0.02  -> Fisher 0.544  phylo 0.004  (n=250)
unbalanced  n= 32 k/n=0.25 q=0.1   -> Fisher 0.296  phylo 0.000  (n=250)
unbalanced  n= 32 k/n=0.25 q=0.5   -> Fisher 0.047  phylo 0.000  (n=214)
unbalanced  n= 32 k/n=0.50 q=0.02  -> Fisher 0.660  phylo 0.007  (n=147)
unbalanced  n= 32 k/n=0.50 q=0.1   -> Fisher 0.376  phylo 0.016  (n=250)
unbalanced  n= 32 k/n=0.50 q=0.5   -> Fisher 0.044  phylo 0.020  (n=250)
unbalanced  n= 64 k/n=0.10 q=0.02  -> Fisher 0.108  phylo 0.032  (n=250)
unbalanced  n= 64 k/n=0.10 q=0.1   -> Fisher 0.088  phylo 0.009  (n=113)
unbalanced  n= 64 k/n=0.10 q=0.5   -> Fisher nan  phylo nan  (n=0)
unbalanced  n= 64 k/n=0.25 q=0.02  -> Fisher 0.192  phylo 0.072  (n=250)
unbalanced  n= 64 k/n=0.25 q=0.1   -> Fisher 0.180  phylo 0.012  (n=250)
unbalanced  n= 64 k/n=0.25 q=0.5   -> Fisher 0.000  phylo 0.000  (n=26)
unbalanced  n= 64 k/n=0.50 q=0.02  -> Fisher 0.728  phylo 0.008  (n=250)
unbalanced  n= 64 k/n=0.50 q=0.1   -> Fisher 0.224  phylo 0.032  (n=250)
unbalanced  n= 64 k/n=0.50 q=0.5   -> Fisher 0.048  phylo 0.032  (n=250)

worst phylo Type I: 0.072 across 54 cells; 1 cell(s) above the nominal 0.05
uncorrected Fisher reaches 0.948
Wrote benchmarks/phylo/calibration.csv
